{
    "introduction": [
        "b0",
        "b108",
        "b50",
        "b45",
        "b107",
        "b69",
        "b45",
        "b59",
        "b93",
        "b59",
        "b94",
        "b90",
        "b102",
        "b32",
        "b74",
        "b70",
        "b96",
        "b75",
        "b59"
    ],
    "artificial intelligence-based support for the literature review process": [
        "b108",
        "b103",
        "b3",
        "b35",
        "b47",
        "b55",
        "b72",
        "b108",
        "b110",
        "b73",
        "b103",
        "b76",
        "b89",
        "b50",
        "b104",
        "b63",
        "b2",
        "b29",
        "b100",
        "b5",
        "b103",
        "b20",
        "b83",
        "b103",
        "b21",
        "b63",
        "b14",
        "b99",
        "b16",
        "b45",
        "b59",
        "b103",
        "b103",
        "b35",
        "b109",
        "b59",
        "b59",
        "b63",
        "b16",
        "b115",
        "b38",
        "b51",
        "b103",
        "b103",
        "b36",
        "b11",
        "b73",
        "b103",
        "b47",
        "b103",
        "b93",
        "b54",
        "b8",
        "b77",
        "b104",
        "b61",
        "b101",
        "b13",
        "b64",
        "b78",
        "b11",
        "b57",
        "b75",
        "b92",
        "b6",
        "b13",
        "b45",
        "b118"
    ],
    "level i: supporting infrastructure": [
        "b59",
        "b23",
        "b6",
        "b10",
        "b49",
        "b68",
        "b112",
        "b91",
        "b27",
        "b1",
        "b66",
        "b63",
        "b111",
        "b71",
        "b114",
        "b111",
        "b21",
        "b81",
        "b103",
        "b99",
        "b22",
        "b31",
        "b56"
    ],
    "level ii: methods and tools": [
        "b87",
        "b30",
        "b48",
        "b68",
        "b76",
        "b108",
        "b44",
        "b81",
        "b103",
        "b91",
        "b59",
        "b80",
        "b109",
        "b113",
        "b105",
        "b108",
        "b103",
        "b103",
        "b38",
        "b41",
        "b73",
        "b95",
        "b84",
        "b25",
        "b82",
        "b47",
        "b7",
        "b52",
        "b59",
        "b85",
        "b63",
        "b37",
        "b97",
        "b24",
        "b86",
        "b98",
        "b115",
        "b119",
        "b58",
        "b59",
        "b85",
        "b34",
        "b63",
        "b62",
        "b89",
        "b117",
        "b13",
        "b19",
        "b78",
        "b40",
        "b63",
        "b65",
        "b83",
        "b80",
        "b58",
        "b85",
        "b60",
        "b60",
        "b15",
        "b83",
        "b103",
        "b21",
        "b18",
        "b39",
        "b4",
        "b26",
        "b17",
        "b46",
        "b21",
        "b18",
        "b33",
        "b53",
        "b12",
        "b3",
        "b30",
        "b79",
        "b72",
        "b109",
        "b88",
        "b94"
    ],
    "level iii: research practice": [
        "b96",
        "b28",
        "b58",
        "b7",
        "b52",
        "b67",
        "b69",
        "b15",
        "b69",
        "b15"
    ],
    "concluding remarks": [
        "b62",
        "b89",
        "b117"
    ]
}
